// Jest Snapshot v1, https://goo.gl/fbAQLP

exports[`<Intro /> should match snapshot 1`] = `
<div>
  <h1
    class="e-heading e-heading--h3 u-text--align-center"
  >
    Hello World
  </h1>
  <p
    class="e-text u-text--align-center"
  >
    This is some jsx content
  </p>
</div>
`;
