// Jest Snapshot v1, https://goo.gl/fbAQLP

exports[`<SelectedLocations /> should match snapshot 1`] = `<div />`;

exports[`<SelectedLocations /> should render one selected city 1`] = `
<div>
  <section
    aria-label="Selected locations"
  >
    <ul
      class="c-selected-locations"
    >
      <li
        class="c-selected-locations__location"
      >
        <div
          class="c-card"
          data-testid="selected-location"
        >
          <button
            aria-label="Remove Punjabi Bagh from the selected locations list"
            class="c-button c-button--plain c-button--small c-selected-locations__remove-city-btn"
            data-testid="remove-btn"
            type="button"
          >
            <svg
              fill="none"
              height="30"
              stroke="currentColor"
              stroke-linecap="round"
              stroke-linejoin="round"
              stroke-width="2"
              viewBox="0 0 24 24"
              width="30"
              xmlns="http://www.w3.org/2000/svg"
            >
              <line
                x1="18"
                x2="6"
                y1="6"
                y2="18"
              />
              <line
                x1="6"
                x2="18"
                y1="6"
                y2="18"
              />
            </svg>
          </button>
          <span
            class="c-selected-locations__attr u-text--uppercase u-text--small"
          >
            Updated 4 years ago
          </span>
          <span
            class="c-selected-locations__attr c-selected-locations__attr--heading e-heading e-heading--h6"
          >
            Punjabi Bagh
          </span>
          <span
            class="c-selected-locations__attr"
          >
            in 
            Delhi
            , 
            IN
          </span>
          <span
            class="c-selected-locations__attr u-text--semibold u-text--uppercase"
          >
            <span
              class="u-text--captilize"
            >
              Values:
            </span>
             
            so2: 7.8, co: 1.3, pm25: 79
          </span>
        </div>
      </li>
    </ul>
  </section>
</div>
`;
